apiVersion: v1
kind: Namespace
metadata:
  annotations:
    openshift.io/node-selector: ''
  labels:
    name: affinity-override
    openshift.io/cluster-monitoring: 'false'
    openshift.io/user-monitoring: 'false'
  name: affinity-override
---
apiVersion: operators.coreos.com/v1
kind: OperatorGroup
metadata:
  annotations: {}
  labels:
    name: affinity-override
  name: affinity-override
  namespace: affinity-override
---
apiVersion: operators.coreos.com/v1alpha1
kind: Subscription
metadata:
  annotations: {}
  labels:
    name: foo
  name: foo
  namespace: affinity-override
spec:
  channel: stable
  config:
    affinity:
      nodeAffinity:
        requiredDuringSchedulingIgnoredDuringExecution:
          nodeSelectorTerms:
            - matchExpressions:
                - key: node-role.kubernetes.io/master
                  operator: Exists
  installPlanApproval: Manual
  name: foo
  source: certified-operators
  sourceNamespace: openshift-marketplace
