apiVersion: redhatcop.redhat.io/v1alpha1
kind: Patch
metadata:
  annotations:
    argocd.argoproj.io/sync-options: SkipDryRunOnMissingResource=true
  labels:
    name: namespace-openshift-operators-29c692296e708c9
  name: namespace-openshift-operators-29c692296e708c9
  namespace: syn-patch-operator
spec:
  patches:
    namespace-openshift-operators-29c692296e708c9-patch:
      patchTemplate: |-
        "metadata":
          "annotations":
            "openshift.io/node-selector": "node-role.kubernetes.io/infra="
          "labels":
            "openshift.io/cluster-monitoring": "false"
            "openshift.io/user-monitoring": "false"
      patchType: application/strategic-merge-patch+json
      targetObjectRef:
        apiVersion: v1
        kind: Namespace
        name: openshift-operators
  serviceAccountRef:
    name: patch-sa
