apiVersion: v1
kind: Namespace
metadata:
  annotations:
    openshift.io/node-selector: node-role.kubernetes.io/infra=
  labels:
    name: openshift-operators-custom
    openshift.io/cluster-monitoring: 'false'
    openshift.io/user-monitoring: 'false'
  name: openshift-operators-custom
---
apiVersion: operators.coreos.com/v1
kind: OperatorGroup
metadata:
  annotations: {}
  labels:
    name: openshift-operators-custom
  name: openshift-operators-custom
  namespace: openshift-operators-custom
