apiVersion: v1
kind: Namespace
metadata:
  annotations:
    openshift.io/node-selector: ''
  labels:
    name: operator-subscription-oke
    openshift.io/cluster-monitoring: 'false'
    openshift.io/user-monitoring: 'false'
  name: operator-subscription-oke
---
apiVersion: operators.coreos.com/v1
kind: OperatorGroup
metadata:
  annotations: {}
  labels:
    name: operator-subscription-oke
  name: operator-subscription-oke
  namespace: operator-subscription-oke
spec: {}
---
apiVersion: operators.coreos.com/v1alpha1
kind: Subscription
metadata:
  annotations: {}
  labels:
    name: foo
  name: foo
  namespace: operator-subscription-oke
spec:
  channel: stable
  installPlanApproval: Manual
  name: foo
  source: certified-operators
  sourceNamespace: openshift-marketplace
