apiVersion: v1
kind: Namespace
metadata:
  annotations:
    openshift.io/node-selector: node-role.kubernetes.io/infra=
  labels:
    name: operator-subscription
    openshift.io/cluster-monitoring: 'false'
    openshift.io/user-monitoring: 'false'
  name: operator-subscription
---
apiVersion: operators.coreos.com/v1
kind: OperatorGroup
metadata:
  annotations: {}
  labels:
    name: operator-subscription
  name: operator-subscription
  namespace: operator-subscription
---
apiVersion: operators.coreos.com/v1alpha1
kind: Subscription
metadata:
  annotations: {}
  labels:
    name: foo
  name: foo
  namespace: operator-subscription
spec:
  channel: stable
  config:
    affinity:
      nodeAffinity:
        requiredDuringSchedulingIgnoredDuringExecution:
          nodeSelectorTerms:
            - matchExpressions:
                - key: node-role.kubernetes.io/infra
                  operator: Exists
  installPlanApproval: Manual
  name: foo
  source: certified-operators
  sourceNamespace: openshift-marketplace
